Archive member included to satisfy reference by file (symbol)

/usr/local/arm/gcc-arm-none-eabi-7-2018-q2-update/lib/gcc/arm-none-eabi/7.3.1/libgcc.a(_udivsi3.o)
                              my_printf.o (__aeabi_uidiv)
/usr/local/arm/gcc-arm-none-eabi-7-2018-q2-update/lib/gcc/arm-none-eabi/7.3.1/libgcc.a(_dvmd_tls.o)
                              /usr/local/arm/gcc-arm-none-eabi-7-2018-q2-update/lib/gcc/arm-none-eabi/7.3.1/libgcc.a(_udivsi3.o) (__aeabi_idiv0)

Allocating common symbols
Common symbol       size              file

g_intB              0x4               main.o
g_charC             0x1               main.o

Memory Configuration

Name             Origin             Length             Attributes
*default*        0x0000000000000000 0xffffffffffffffff

Linker script and memory map

                0x0000000080100000                . = 0x80100000
                0x0000000080100000                . = ALIGN (0x4)

.text           0x0000000080100000      0x9fc
 *(.text)
 .text          0x0000000080100000       0x74 start.o
                0x0000000080100000                _start
 .text          0x0000000080100074      0x1e0 uart.o
                0x0000000080100074                Uart_Init
                0x0000000080100154                PutChar
                0x00000000801001a0                GetChar
                0x00000000801001e0                PutStr
                0x0000000080100230                raise
 .text          0x0000000080100254       0x8c main.o
                0x0000000080100254                delay
                0x000000008010028c                main
 .text          0x00000000801002e0      0x604 my_printf.o
                0x000000008010078c                printf
                0x00000000801007d4                my_printf_test
 .text          0x00000000801008e4      0x114 /usr/local/arm/gcc-arm-none-eabi-7-2018-q2-update/lib/gcc/arm-none-eabi/7.3.1/libgcc.a(_udivsi3.o)
                0x00000000801008e4                __udivsi3
                0x00000000801008e4                __aeabi_uidiv
                0x00000000801009d8                __aeabi_uidivmod
 .text          0x00000000801009f8        0x4 /usr/local/arm/gcc-arm-none-eabi-7-2018-q2-update/lib/gcc/arm-none-eabi/7.3.1/libgcc.a(_dvmd_tls.o)
                0x00000000801009f8                __aeabi_ldiv0
                0x00000000801009f8                __aeabi_idiv0

.glue_7         0x00000000801009fc        0x0
 .glue_7        0x00000000801009fc        0x0 linker stubs

.glue_7t        0x00000000801009fc        0x0
 .glue_7t       0x00000000801009fc        0x0 linker stubs

.vfp11_veneer   0x00000000801009fc        0x0
 .vfp11_veneer  0x00000000801009fc        0x0 linker stubs

.v4_bx          0x00000000801009fc        0x0
 .v4_bx         0x00000000801009fc        0x0 linker stubs

.iplt           0x00000000801009fc        0x0
 .iplt          0x00000000801009fc        0x0 start.o
                0x00000000801009fc                . = ALIGN (0x4)

.rodata         0x00000000801009fc      0x11e
 *(.rodata)
 .rodata        0x00000000801009fc        0x7 main.o
                0x00000000801009fc                g_charB
 *fill*         0x0000000080100a03        0x1 
 .rodata        0x0000000080100a04      0x116 my_printf.o

.rel.dyn        0x0000000080100b1c        0x0
 .rel.iplt      0x0000000080100b1c        0x0 start.o
                0x0000000080100b1c                . = ALIGN (0x4)
                0x0000000080100b1c                data_load_addr = .

.data           0x0000000000900000       0x14 load address 0x0000000080100b1c
                0x0000000000900000                data_start = .
 *(.data)
 .data          0x0000000000900000        0x0 start.o
 .data          0x0000000000900000        0x0 uart.o
 .data          0x0000000000900000        0x1 main.o
                0x0000000000900000                g_charA
 *fill*         0x0000000000900001        0x3 
 .data          0x0000000000900004       0x10 my_printf.o
                0x0000000000900004                hex_tab
 .data          0x0000000000900014        0x0 /usr/local/arm/gcc-arm-none-eabi-7-2018-q2-update/lib/gcc/arm-none-eabi/7.3.1/libgcc.a(_udivsi3.o)
 .data          0x0000000000900014        0x0 /usr/local/arm/gcc-arm-none-eabi-7-2018-q2-update/lib/gcc/arm-none-eabi/7.3.1/libgcc.a(_dvmd_tls.o)
                0x0000000000900014                data_end = .

.igot.plt       0x0000000000900014        0x0 load address 0x0000000080100b30
 .igot.plt      0x0000000000900014        0x0 start.o
                0x0000000000900014                . = ALIGN (0x4)
                0x0000000000900014                __bss_start = .

.bss            0x0000000000900014       0x11 load address 0x0000000080100b30
 *(.bss)
 .bss           0x0000000000900014        0x0 start.o
 .bss           0x0000000000900014        0x8 uart.o
 .bss           0x000000000090001c        0x4 main.o
                0x000000000090001c                g_intA
 .bss           0x0000000000900020        0x0 my_printf.o
 .bss           0x0000000000900020        0x0 /usr/local/arm/gcc-arm-none-eabi-7-2018-q2-update/lib/gcc/arm-none-eabi/7.3.1/libgcc.a(_udivsi3.o)
 .bss           0x0000000000900020        0x0 /usr/local/arm/gcc-arm-none-eabi-7-2018-q2-update/lib/gcc/arm-none-eabi/7.3.1/libgcc.a(_dvmd_tls.o)
 *(.COMMON)
 COMMON         0x0000000000900020        0x5 main.o
                0x0000000000900020                g_intB
                0x0000000000900024                g_charC
                0x0000000000900025                __bss_end = .
LOAD start.o
LOAD uart.o
LOAD main.o
LOAD my_printf.o
LOAD /usr/local/arm/gcc-arm-none-eabi-7-2018-q2-update/lib/gcc/arm-none-eabi/7.3.1/libgcc.a
OUTPUT(relocate.elf elf32-littlearm)

.ARM.attributes
                0x0000000000000000       0x2c
 .ARM.attributes
                0x0000000000000000       0x12 start.o
 .ARM.attributes
                0x0000000000000012       0x30 uart.o
 .ARM.attributes
                0x0000000000000042       0x30 main.o
 .ARM.attributes
                0x0000000000000072       0x30 my_printf.o
 .ARM.attributes
                0x00000000000000a2       0x18 /usr/local/arm/gcc-arm-none-eabi-7-2018-q2-update/lib/gcc/arm-none-eabi/7.3.1/libgcc.a(_udivsi3.o)
 .ARM.attributes
                0x00000000000000ba       0x18 /usr/local/arm/gcc-arm-none-eabi-7-2018-q2-update/lib/gcc/arm-none-eabi/7.3.1/libgcc.a(_dvmd_tls.o)

.comment        0x0000000000000000       0x7f
 .comment       0x0000000000000000       0x7f uart.o
                                         0x80 (size before relaxing)
 .comment       0x000000000000007f       0x80 main.o
 .comment       0x000000000000007f       0x80 my_printf.o

.debug_line     0x0000000000000000      0x1f3
 .debug_line    0x0000000000000000       0x57 start.o
 .debug_line    0x0000000000000057       0x76 uart.o
 .debug_line    0x00000000000000cd       0x58 main.o
 .debug_line    0x0000000000000125       0xce my_printf.o

.debug_info     0x0000000000000000      0x526
 .debug_info    0x0000000000000000       0x26 start.o
 .debug_info    0x0000000000000026      0x214 uart.o
 .debug_info    0x000000000000023a       0xd6 main.o
 .debug_info    0x0000000000000310      0x216 my_printf.o

.debug_abbrev   0x0000000000000000      0x2eb
 .debug_abbrev  0x0000000000000000       0x14 start.o
 .debug_abbrev  0x0000000000000014      0x13a uart.o
 .debug_abbrev  0x000000000000014e       0x8a main.o
 .debug_abbrev  0x00000000000001d8      0x113 my_printf.o

.debug_aranges  0x0000000000000000       0x80
 .debug_aranges
                0x0000000000000000       0x20 start.o
 .debug_aranges
                0x0000000000000020       0x20 uart.o
 .debug_aranges
                0x0000000000000040       0x20 main.o
 .debug_aranges
                0x0000000000000060       0x20 my_printf.o

.debug_str      0x0000000000000000      0x25f
 .debug_str     0x0000000000000000       0x5e start.o
 .debug_str     0x000000000000005e      0x148 uart.o
                                        0x1a2 (size before relaxing)
 .debug_str     0x00000000000001a6       0x3d main.o
                                         0xf1 (size before relaxing)
 .debug_str     0x00000000000001e3       0x7c my_printf.o
                                        0x137 (size before relaxing)

.debug_frame    0x0000000000000000      0x228
 .debug_frame   0x0000000000000000       0xb4 uart.o
 .debug_frame   0x00000000000000b4       0x4c main.o
 .debug_frame   0x0000000000000100      0x108 my_printf.o
 .debug_frame   0x0000000000000208       0x20 /usr/local/arm/gcc-arm-none-eabi-7-2018-q2-update/lib/gcc/arm-none-eabi/7.3.1/libgcc.a(_udivsi3.o)
